../STM32_WPAN/App/custom_app.c:108:6:Custom_STM_App_Notification	16	static
../STM32_WPAN/App/custom_app.c:177:6:Custom_APP_Notification	16	static
../STM32_WPAN/App/custom_app.c:220:6:Custom_APP_Init	8	static
../STM32_WPAN/App/custom_app.c:235:6:HAL_ADC_ConvCpltCallback	16	static
../STM32_WPAN/App/custom_app.c:241:6:TMP_TIMER_ISR	8	static
../STM32_WPAN/App/custom_app.c:248:6:BATT_TIMER_ISR	8	static
../STM32_WPAN/App/custom_app.c:256:6:readTemperature	8	static
../STM32_WPAN/App/custom_app.c:272:6:readBattery	8	static
../STM32_WPAN/App/custom_app.c:294:13:Custom_Tmpchar_Update_Char	16	static
../STM32_WPAN/App/custom_app.c:313:6:Custom_Tmpchar_Send_Notification	16	static
../STM32_WPAN/App/custom_app.c:334:13:Custom_Battchar_Update_Char	16	static
../STM32_WPAN/App/custom_app.c:353:6:Custom_Battchar_Send_Notification	16	static
