../Drivers/STM32WBxx_HAL_Driver/Inc/stm32wbxx_ll_adc.h:2450:26:LL_ADC_GetCommonClock	16	static
../Drivers/STM32WBxx_HAL_Driver/Inc/stm32wbxx_ll_adc.h:2650:26:LL_ADC_GetClock	16	static
../Drivers/STM32WBxx_HAL_Driver/Inc/stm32wbxx_ll_adc.h:2684:22:LL_ADC_SetCalibrationFactor	16	static
../Drivers/STM32WBxx_HAL_Driver/Inc/stm32wbxx_ll_adc.h:2746:26:LL_ADC_GetCalibrationFactor	16	static
../Drivers/STM32WBxx_HAL_Driver/Inc/stm32wbxx_ll_adc.h:6635:22:LL_ADC_DisableInternalRegulator	16	static
../Drivers/STM32WBxx_HAL_Driver/Inc/stm32wbxx_ll_adc.h:6667:22:LL_ADC_Enable	16	static
../Drivers/STM32WBxx_HAL_Driver/Inc/stm32wbxx_ll_adc.h:6687:22:LL_ADC_Disable	16	static
../Drivers/STM32WBxx_HAL_Driver/Inc/stm32wbxx_ll_adc.h:6706:26:LL_ADC_IsEnabled	16	static
../Drivers/STM32WBxx_HAL_Driver/Inc/stm32wbxx_ll_adc.h:6746:22:LL_ADC_StartCalibration	16	static
../Drivers/STM32WBxx_HAL_Driver/Inc/stm32wbxx_ll_adc.h:6796:26:LL_ADC_IsCalibrationOnGoing	16	static
../Drivers/STM32WBxx_HAL_Driver/Inc/stm32wbxx_ll_adc.h:6863:26:LL_ADC_REG_IsConversionOngoing	16	static
../Drivers/STM32WBxx_HAL_Driver/Src/stm32wbxx_hal_adc_ex.c:126:19:HAL_ADCEx_Calibration_Start	48	static
../Drivers/STM32WBxx_HAL_Driver/Src/stm32wbxx_hal_adc_ex.c:296:10:HAL_ADCEx_Calibration_GetValue	16	static
../Drivers/STM32WBxx_HAL_Driver/Src/stm32wbxx_hal_adc_ex.c:326:19:HAL_ADCEx_Calibration_SetValue	32	static
../Drivers/STM32WBxx_HAL_Driver/Src/stm32wbxx_hal_adc_ex.c:946:13:HAL_ADCEx_LevelOutOfWindow2Callback	16	static
../Drivers/STM32WBxx_HAL_Driver/Src/stm32wbxx_hal_adc_ex.c:961:13:HAL_ADCEx_LevelOutOfWindow3Callback	16	static
../Drivers/STM32WBxx_HAL_Driver/Src/stm32wbxx_hal_adc_ex.c:977:13:HAL_ADCEx_EndOfSamplingCallback	16	static
../Drivers/STM32WBxx_HAL_Driver/Src/stm32wbxx_hal_adc_ex.c:1749:19:HAL_ADCEx_DisableVoltageRegulator	24	static
