../Drivers/STM32WBxx_HAL_Driver/Inc/stm32wbxx_ll_rcc.h:1679:22:LL_RCC_LSE_SetDriveCapability	16	static
../Drivers/STM32WBxx_HAL_Driver/Inc/stm32wbxx_ll_bus.h:364:22:LL_AHB1_GRP1_EnableClock	24	static
../Drivers/STM32WBxx_HAL_Driver/Inc/stm32wbxx_ll_bus.h:539:22:LL_AHB2_GRP1_EnableClock	24	static
../Core/Src/main.c:86:5:main	8	static
../Core/Src/main.c:148:6:SystemClock_Config	104	static
../Core/Src/main.c:195:6:PeriphCommonClock_Config	56	static
../Core/Src/main.c:220:13:MX_ADC1_Init	24	static
../Core/Src/main.c:286:13:MX_I2C1_Init	8	static
../Core/Src/main.c:334:13:MX_IPCC_Init	8	static
../Core/Src/main.c:360:13:MX_RF_Init	4	static
../Core/Src/main.c:381:13:MX_RNG_Init	8	static
../Core/Src/main.c:408:13:MX_RTC_Init	8	static
../Core/Src/main.c:450:6:MX_USART1_UART_Init	8	static
../Core/Src/main.c:496:13:MX_DMA_Init	8	static
../Core/Src/main.c:521:13:MX_GPIO_Init	8	static
../Core/Src/main.c:543:6:Error_Handler	4	static,ignoring_inline_asm
