../Drivers/STM32WBxx_HAL_Driver/Inc/stm32wbxx_ll_rcc.h:1679:22:LL_RCC_LSE_SetDriveCapability	16	static
../Drivers/STM32WBxx_HAL_Driver/Inc/stm32wbxx_ll_bus.h:364:22:LL_AHB1_GRP1_EnableClock	24	static
../Drivers/STM32WBxx_HAL_Driver/Inc/stm32wbxx_ll_bus.h:539:22:LL_AHB2_GRP1_EnableClock	24	static
../Core/Src/main.c:83:5:main	8	static
../Core/Src/main.c:144:6:SystemClock_Config	104	static
../Core/Src/main.c:191:6:PeriphCommonClock_Config	56	static
../Core/Src/main.c:216:13:MX_ADC1_Init	24	static
../Core/Src/main.c:282:13:MX_IPCC_Init	8	static
../Core/Src/main.c:308:13:MX_RF_Init	4	static
../Core/Src/main.c:329:13:MX_RNG_Init	8	static
../Core/Src/main.c:356:13:MX_RTC_Init	8	static
../Core/Src/main.c:398:6:MX_USART1_UART_Init	8	static
../Core/Src/main.c:444:13:MX_DMA_Init	8	static
../Core/Src/main.c:469:13:MX_GPIO_Init	8	static
../Core/Src/main.c:491:6:Error_Handler	4	static,ignoring_inline_asm
