../Drivers/STM32WBxx_HAL_Driver/Inc/stm32wbxx_ll_pwr.h:827:22:LL_PWR_EnableSRAM2Retention	4	static
../Drivers/STM32WBxx_HAL_Driver/Inc/stm32wbxx_ll_exti.h:1151:26:LL_EXTI_IsEnabledRisingTrig_0_31	16	static
../Drivers/STM32WBxx_HAL_Driver/Inc/stm32wbxx_ll_exti.h:1338:26:LL_EXTI_IsEnabledFallingTrig_0_31	16	static
../Drivers/STM32WBxx_HAL_Driver/Inc/stm32wbxx_ll_exti.h:1401:22:LL_EXTI_GenerateSWI_0_31	16	static
../Drivers/STM32WBxx_HAL_Driver/Inc/stm32wbxx_ll_rcc.h:2349:22:LL_RCC_SetClkAfterWakeFromStop	16	static
../Drivers/STM32WBxx_HAL_Driver/Inc/stm32wbxx_ll_rcc.h:4108:26:LL_RCC_IsActiveFlag_IWDGRST	4	static
../Drivers/STM32WBxx_HAL_Driver/Inc/stm32wbxx_ll_rcc.h:4118:26:LL_RCC_IsActiveFlag_LPWRRST	4	static
../Drivers/STM32WBxx_HAL_Driver/Inc/stm32wbxx_ll_rcc.h:4128:26:LL_RCC_IsActiveFlag_OBLRST	4	static
../Drivers/STM32WBxx_HAL_Driver/Inc/stm32wbxx_ll_rcc.h:4138:26:LL_RCC_IsActiveFlag_PINRST	4	static
../Drivers/STM32WBxx_HAL_Driver/Inc/stm32wbxx_ll_rcc.h:4148:26:LL_RCC_IsActiveFlag_SFTRST	4	static
../Drivers/STM32WBxx_HAL_Driver/Inc/stm32wbxx_ll_rcc.h:4158:26:LL_RCC_IsActiveFlag_WWDGRST	4	static
../Drivers/STM32WBxx_HAL_Driver/Inc/stm32wbxx_ll_rcc.h:4168:26:LL_RCC_IsActiveFlag_BORRST	4	static
../Drivers/STM32WBxx_HAL_Driver/Inc/stm32wbxx_ll_bus.h:744:22:LL_AHB3_GRP1_EnableClock	24	static
../Drivers/STM32WBxx_HAL_Driver/Inc/stm32wbxx_ll_system.h:840:26:LL_SYSCFG_GetEXTISource	32	static,ignoring_inline_asm
../Drivers/STM32WBxx_HAL_Driver/Inc/stm32wbxx_ll_hsem.h:233:26:LL_HSEM_1StepLock	16	static
../Drivers/STM32WBxx_HAL_Driver/Inc/stm32wbxx_ll_hsem.h:247:22:LL_HSEM_ReleaseLock	24	static
../Core/Src/standby.c:81:6:STBY_AppHwSave	4	static
../Core/Src/standby.c:91:6:STBY_AppHwRestore	8	static
../Core/Src/standby.c:114:6:STBY_SysHwSave	4	static
../Core/Src/standby.c:125:6:STBY_SysHwRestore	8	static
../Core/Src/standby.c:159:10:STBY_BootManager	8	static,ignoring_inline_asm
../Core/Src/standby.c:194:13:STBY_TriggerIT	8	static
