../Drivers/STM32WBxx_HAL_Driver/Inc/stm32wbxx_ll_rcc.h:2883:22:LL_RCC_EnableRTC	4	static
../Drivers/STM32WBxx_HAL_Driver/Inc/stm32wbxx_ll_rcc.h:2893:22:LL_RCC_DisableRTC	4	static
../Drivers/STM32WBxx_HAL_Driver/Inc/stm32wbxx_ll_bus.h:539:22:LL_AHB2_GRP1_EnableClock	24	static
../Drivers/STM32WBxx_HAL_Driver/Inc/stm32wbxx_ll_bus.h:744:22:LL_AHB3_GRP1_EnableClock	24	static
../Drivers/STM32WBxx_HAL_Driver/Inc/stm32wbxx_ll_bus.h:798:22:LL_AHB3_GRP1_DisableClock	16	static
../Drivers/STM32WBxx_HAL_Driver/Inc/stm32wbxx_ll_bus.h:939:22:LL_APB1_GRP1_EnableClock	24	static
../Drivers/STM32WBxx_HAL_Driver/Inc/stm32wbxx_ll_bus.h:1038:22:LL_APB1_GRP1_DisableClock	16	static
../Drivers/STM32WBxx_HAL_Driver/Inc/stm32wbxx_ll_bus.h:1274:22:LL_APB2_GRP1_EnableClock	24	static
../Drivers/STM32WBxx_HAL_Driver/Inc/stm32wbxx_ll_bus.h:1328:22:LL_APB2_GRP1_DisableClock	16	static
../Core/Src/stm32wbxx_hal_msp.c:69:6:HAL_MspInit	8	static
../Core/Src/stm32wbxx_hal_msp.c:96:6:HAL_ADC_MspInit	88	static
../Core/Src/stm32wbxx_hal_msp.c:163:6:HAL_ADC_MspDeInit	16	static
../Core/Src/stm32wbxx_hal_msp.c:197:6:HAL_I2C_MspInit	88	static
../Core/Src/stm32wbxx_hal_msp.c:244:6:HAL_I2C_MspDeInit	16	static
../Core/Src/stm32wbxx_hal_msp.c:275:6:HAL_IPCC_MspInit	16	static
../Core/Src/stm32wbxx_hal_msp.c:303:6:HAL_IPCC_MspDeInit	16	static
../Core/Src/stm32wbxx_hal_msp.c:329:6:HAL_RNG_MspInit	64	static
../Core/Src/stm32wbxx_hal_msp.c:366:6:HAL_RNG_MspDeInit	16	static
../Core/Src/stm32wbxx_hal_msp.c:391:6:HAL_RTC_MspInit	64	static
../Core/Src/stm32wbxx_hal_msp.c:429:6:HAL_RTC_MspDeInit	16	static
../Core/Src/stm32wbxx_hal_msp.c:455:6:HAL_UART_MspInit	88	static
../Core/Src/stm32wbxx_hal_msp.c:549:6:HAL_UART_MspDeInit	16	static
